// Jest Snapshot v1, https://goo.gl/fbAQLP

exports[`Aniview Snapshot Suite Scenario 1: Default Center Aligned 1`] = `null`;

exports[`Aniview Snapshot Suite Scenario 2: Space-Between Flex with Absolute Text 1`] = `null`;

exports[`Aniview Snapshot Suite Scenario 3: Column Reverse with Margin Auto 1`] = `null`;
